// Jest Snapshot v1, https://goo.gl/fbAQLP

exports[`tests for the Preloader component snapshot testing 1`] = `
<div>
  <div
    aria-label="page preloader"
    class="main"
  >
    <div />
  </div>
</div>
`;
